6702654b-910c-4ea5-8f6b-e1bea752a3cc archive-id=d060b13d-7029-4503-840a-4095a5efa1e0 autoenable=false encryption=none externaltype=ora name=conp-ria-storage type=external url=ria+ssh://cneuromod@localhost:4722/data/proftpd/users/cneuromod/ria-conp timestamp=1705600105.703110349s
7b8e5547-138c-4322-a444-3502b817243a archive-id=d060b13d-7029-4503-840a-4095a5efa1e0 autoenable=false encryption=none externaltype=ora name=ria-sequoia-storage type=external url=ria+file:///data/neuromod/ria-sequoia timestamp=1705438116.921646266s
7b8e5547-138c-4322-a444-3502b817243a archive-id=d060b13d-7029-4503-840a-4095a5efa1e0 autoenable=true encryption=none externaltype=ora name=ria-sequoia-storage type=external url=ria+file:///data/neuromod/ria-sequoia timestamp=1702675186.132147267s
7b8e5547-138c-4322-a444-3502b817243a archive-id=d060b13d-7029-4503-840a-4095a5efa1e0 autoenable=true encryption=none externaltype=ora name=ria-sequoia-storage type=external url=ria+file:///data/neuromod/ria-sequoia timestamp=1702675525.245907801s
7b8e5547-138c-4322-a444-3502b817243a archive-id=d060b13d-7029-4503-840a-4095a5efa1e0 autoenable=true encryption=none externaltype=ora name=ria-sequoia-storage type=external url=ria+file:///data/neuromod/ria-sequoia timestamp=1702675551.227355365s
7b8e5547-138c-4322-a444-3502b817243a archive-id=d060b13d-7029-4503-840a-4095a5efa1e0 autoenable=true encryption=none externaltype=ora name=ria-sequoia-storage type=external url=ria+file:///data/neuromod/ria-sequoia timestamp=1702675578.545038419s
7b8e5547-138c-4322-a444-3502b817243a archive-id=d060b13d-7029-4503-840a-4095a5efa1e0 autoenable=true encryption=none externaltype=ora name=ria-sequoia-storage type=external url=ria+file:///data/neuromod/ria-sequoia timestamp=1702675601.91368848s
7b8e5547-138c-4322-a444-3502b817243a archive-id=d060b13d-7029-4503-840a-4095a5efa1e0 autoenable=true encryption=none externaltype=ora name=ria-sequoia-storage type=external url=ria+file:///data/neuromod/ria-sequoia timestamp=1702675627.140433583s
7b8e5547-138c-4322-a444-3502b817243a archive-id=d060b13d-7029-4503-840a-4095a5efa1e0 autoenable=true encryption=none externaltype=ora name=ria-sequoia-storage type=external url=ria+file:///data/neuromod/ria-sequoia timestamp=1702675648.619440765s
7b8e5547-138c-4322-a444-3502b817243a archive-id=d060b13d-7029-4503-840a-4095a5efa1e0 autoenable=true encryption=none externaltype=ora name=ria-sequoia-storage type=external url=ria+file:///data/neuromod/ria-sequoia timestamp=1702675670.067779982s
7b8e5547-138c-4322-a444-3502b817243a archive-id=d060b13d-7029-4503-840a-4095a5efa1e0 autoenable=true encryption=none externaltype=ora name=ria-sequoia-storage type=external url=ria+file:///data/neuromod/ria-sequoia timestamp=1702675695.020936487s
7b8e5547-138c-4322-a444-3502b817243a archive-id=d060b13d-7029-4503-840a-4095a5efa1e0 autoenable=true encryption=none externaltype=ora name=ria-sequoia-storage type=external url=ria+file:///data/neuromod/ria-sequoia timestamp=1702677739.289512239s
7b8e5547-138c-4322-a444-3502b817243a archive-id=d060b13d-7029-4503-840a-4095a5efa1e0 autoenable=true encryption=none externaltype=ora name=ria-sequoia-storage type=external url=ria+file:///data/neuromod/ria-sequoia timestamp=1702677931.400800095s
7b8e5547-138c-4322-a444-3502b817243a archive-id=d060b13d-7029-4503-840a-4095a5efa1e0 autoenable=true encryption=none externaltype=ora name=ria-sequoia-storage type=external url=ria+file:///data/neuromod/ria-sequoia timestamp=1702677973.239213435s
7b8e5547-138c-4322-a444-3502b817243a archive-id=d060b13d-7029-4503-840a-4095a5efa1e0 autoenable=true encryption=none externaltype=ora name=ria-sequoia-storage type=external url=ria+file:///data/neuromod/ria-sequoia timestamp=1702677993.900316075s
7b8e5547-138c-4322-a444-3502b817243a archive-id=d060b13d-7029-4503-840a-4095a5efa1e0 autoenable=true encryption=none externaltype=ora name=ria-sequoia-storage type=external url=ria+file:///data/neuromod/ria-sequoia timestamp=1702678339.853882323s
7b8e5547-138c-4322-a444-3502b817243a archive-id=d060b13d-7029-4503-840a-4095a5efa1e0 autoenable=true encryption=none externaltype=ora name=ria-sequoia-storage type=external url=ria+file:///data/neuromod/ria-sequoia timestamp=1702678358.620045554s
7b8e5547-138c-4322-a444-3502b817243a archive-id=d060b13d-7029-4503-840a-4095a5efa1e0 autoenable=true encryption=none externaltype=ora name=ria-sequoia-storage type=external url=ria+file:///data/neuromod/ria-sequoia timestamp=1702678548.870093251s
cc3f3d51-5a56-4cae-baba-72902f64ee55 archive-id=d060b13d-7029-4503-840a-4095a5efa1e0 autoenable=false encryption=none externaltype=ora name=ria-beluga-storage type=external url=ria+ssh://beluga.computecanada.ca/lustre03/project/rrg-pbellec/ria-beluga timestamp=1705438007.158572438s
cc3f3d51-5a56-4cae-baba-72902f64ee55 archive-id=d060b13d-7029-4503-840a-4095a5efa1e0 autoenable=true encryption=none externaltype=ora name=ria-beluga-storage type=external url=ria+ssh://beluga.computecanada.ca/lustre03/project/rrg-pbellec/ria-beluga timestamp=1702675949.606794273s
cc3f3d51-5a56-4cae-baba-72902f64ee55 archive-id=d060b13d-7029-4503-840a-4095a5efa1e0 autoenable=true encryption=none externaltype=ora name=ria-beluga-storage type=external url=ria+ssh://beluga.computecanada.ca/lustre03/project/rrg-pbellec/ria-beluga timestamp=1702677666.358905858s
d84c1b3f-0345-4aa4-a727-b7d661adffd0 cost=50 sameas-name=conp-ria-storage-http sameas-uuid=6702654b-910c-4ea5-8f6b-e1bea752a3cc type=httpalso url=https://sftp.conp.ca/users/cneuromod/ria-conp/d06/0b13d-7029-4503-840a-4095a5efa1e0/annex/objects/ timestamp=1705600038.604780603s
